  Ôû▓ Next.js 14.2.35
  - Environments: .env

   Creating an optimized production build ...
 Ô£ô Compiled successfully
   Linting and checking validity of types ...
node.exe : Failed to compile.
In riga:1 car:1
+ & "C:\Program 
Files\nodejs/node.exe" 
"C:\Program 
Files\nodejs/node_mo ...
+ ~~~~~~~~~~~~~~~~~~~~~~~~~~~~
~~~~~~~~~~~~~~~~~~~~~~~~~~~~~~
~~~~~~~~~~~
    + CategoryInfo          : 
    NotSpecified: (Failed to  
   compile.:String) [], Rem   
 oteException
    + FullyQualifiedErrorId : 
    NativeCommandError
 

./clerk-nextjs/app/page.tsx:7:
10
Type error: 'Image' cannot be 
used as a JSX component.
  Its type 'ForwardRefExoticCo
mponent<Omit<DetailedHTMLProps
<ImgHTMLAttributes<HTMLImageEl
ement>, HTMLImageElement>, 
"ref" | ... 5 more ... | 
"srcSet"> & { ...; } & 
RefAttributes<...>>' is not a 
valid JSX element type.
    Type 'ForwardRefExoticComp
onent<Omit<DetailedHTMLProps<I
mgHTMLAttributes<HTMLImageElem
ent>, HTMLImageElement>, 
"ref" | ... 5 more ... | 
"srcSet"> & { ...; } & 
RefAttributes<...>>' is not 
assignable to type '(props: 
any, 
deprecatedLegacyContext?: 
any) => ReactNode'.
      Type 'import("C:/Users/G
iorgio_Madroom/Desktop/Job-App
lication-Tracker--NextJS-FullS
tack-main/clerk-nextjs/node_mo
dules/@types/react/index").Rea
ctNode' is not assignable to 
type 'React.ReactNode'.
        Type 
'ReactElement<unknown, string 
| 
JSXElementConstructor<any>>' 
is not assignable to type 
'ReactNode'.
          Property 'children' 
is missing in type 
'ReactElement<unknown, string 
| 
JSXElementConstructor<any>>' 
but required in type 
'ReactPortal'.

[0m [90m  5 |[39m     
[33m<[39m[33mdiv[39m class
Name[33m=[39m[32m"flex 
flex-col flex-1 items-center 
justify-center bg-zinc-50 
font-sans dark:bg-black"[39m
[33m>[39m[0m
[0m [90m  6 |[39m       
[33m<[39m[33mmain[39m clas
sName[33m=[39m[32m"flex 
flex-1 w-full max-w-3xl 
flex-col items-center 
justify-between py-32 px-16 
bg-white dark:bg-black sm:item
s-start"[39m[33m>[39m[0m
[0m[31m[1m>[22m[39m[90m 
 7 |[39m         
[33m<[39m[33mImage[39m[0m
[0m [90m    |[39m          
[31m[1m^[22m[39m[0m
[0m [90m  8 |[39m          
 className[33m=[39m[32m"dar
k:invert"[39m[0m
[0m [90m  9 |[39m          
 src[33m=[39m[32m"/next.svg
"[39m[0m
[0m [90m 10 |[39m          
 alt[33m=[39m[32m"Next.js 
logo"[39m[0m
Next.js build worker exited 
with code: 1 and signal: null
